
> careercompass-frontend@0.0.0 build
> tsc -b && vite build

vite v8.2.2 building client environment for production...
transforming...
✓ 83 modules transformed.
rendering chunks...
computing gzip size...
dist/index.html                   0.59 kB │ gzip:   0.36 kB
dist/assets/index-B-mj9y0s.css   31.11 kB │ gzip:   6.50 kB
dist/assets/index-Dd3QSL5r.js   372.42 kB │ gzip: 107.72 kB

✓ built in 235ms
